Archive member included to satisfy reference by file (symbol)

d:/stmcute/stm32cubeide_1.7.0/stm32cubeide/plugins/com.st.stm32cube.ide.mcu.externaltools.gnu-tools-for-stm32.9-2020-q2-update.win32_2.0.0.202105311346/tools/bin/../lib/gcc/arm-none-eabi/9.3.1/../../../../arm-none-eabi/lib/thumb/v7-m/nofp\libc_nano.a(lib_a-errno.o)
                              ./Core/Src/syscalls.o (__errno)
d:/stmcute/stm32cubeide_1.7.0/stm32cubeide/plugins/com.st.stm32cube.ide.mcu.externaltools.gnu-tools-for-stm32.9-2020-q2-update.win32_2.0.0.202105311346/tools/bin/../lib/gcc/arm-none-eabi/9.3.1/../../../../arm-none-eabi/lib/thumb/v7-m/nofp\libc_nano.a(lib_a-exit.o)
                              d:/stmcute/stm32cubeide_1.7.0/stm32cubeide/plugins/com.st.stm32cube.ide.mcu.externaltools.gnu-tools-for-stm32.9-2020-q2-update.win32_2.0.0.202105311346/tools/bin/../lib/gcc/arm-none-eabi/9.3.1/../../../../arm-none-eabi/lib/thumb/v7-m/nofp/crt0.o (exit)
d:/stmcute/stm32cubeide_1.7.0/stm32cubeide/plugins/com.st.stm32cube.ide.mcu.externaltools.gnu-tools-for-stm32.9-2020-q2-update.win32_2.0.0.202105311346/tools/bin/../lib/gcc/arm-none-eabi/9.3.1/../../../../arm-none-eabi/lib/thumb/v7-m/nofp\libc_nano.a(lib_a-impure.o)
                              d:/stmcute/stm32cubeide_1.7.0/stm32cubeide/plugins/com.st.stm32cube.ide.mcu.externaltools.gnu-tools-for-stm32.9-2020-q2-update.win32_2.0.0.202105311346/tools/bin/../lib/gcc/arm-none-eabi/9.3.1/../../../../arm-none-eabi/lib/thumb/v7-m/nofp\libc_nano.a(lib_a-exit.o) (_global_impure_ptr)
d:/stmcute/stm32cubeide_1.7.0/stm32cubeide/plugins/com.st.stm32cube.ide.mcu.externaltools.gnu-tools-for-stm32.9-2020-q2-update.win32_2.0.0.202105311346/tools/bin/../lib/gcc/arm-none-eabi/9.3.1/../../../../arm-none-eabi/lib/thumb/v7-m/nofp\libc_nano.a(lib_a-init.o)
                              d:/stmcute/stm32cubeide_1.7.0/stm32cubeide/plugins/com.st.stm32cube.ide.mcu.externaltools.gnu-tools-for-stm32.9-2020-q2-update.win32_2.0.0.202105311346/tools/bin/../lib/gcc/arm-none-eabi/9.3.1/../../../../arm-none-eabi/lib/thumb/v7-m/nofp/crt0.o (__libc_init_array)
d:/stmcute/stm32cubeide_1.7.0/stm32cubeide/plugins/com.st.stm32cube.ide.mcu.externaltools.gnu-tools-for-stm32.9-2020-q2-update.win32_2.0.0.202105311346/tools/bin/../lib/gcc/arm-none-eabi/9.3.1/../../../../arm-none-eabi/lib/thumb/v7-m/nofp\libc_nano.a(lib_a-memset.o)
                              d:/stmcute/stm32cubeide_1.7.0/stm32cubeide/plugins/com.st.stm32cube.ide.mcu.externaltools.gnu-tools-for-stm32.9-2020-q2-update.win32_2.0.0.202105311346/tools/bin/../lib/gcc/arm-none-eabi/9.3.1/../../../../arm-none-eabi/lib/thumb/v7-m/nofp/crt0.o (memset)

Allocating common symbols
Common symbol       size              file

uwTick              0x4               ./Drivers/STM32F1xx_HAL_Driver/Src/stm32f1xx_hal.o
pFlash              0x20              ./Drivers/STM32F1xx_HAL_Driver/Src/stm32f1xx_hal_flash.o
htim2               0x48              ./Core/Src/main.o

Discarded input sections

 .text          0x0000000000000000        0x0 d:/stmcute/stm32cubeide_1.7.0/stm32cubeide/plugins/com.st.stm32cube.ide.mcu.externaltools.gnu-tools-for-stm32.9-2020-q2-update.win32_2.0.0.202105311346/tools/bin/../lib/gcc/arm-none-eabi/9.3.1/thumb/v7-m/nofp/crti.o
 .data          0x0000000000000000        0x0 d:/stmcute/stm32cubeide_1.7.0/stm32cubeide/plugins/com.st.stm32cube.ide.mcu.externaltools.gnu-tools-for-stm32.9-2020-q2-update.win32_2.0.0.202105311346/tools/bin/../lib/gcc/arm-none-eabi/9.3.1/thumb/v7-m/nofp/crti.o
 .bss           0x0000000000000000        0x0 d:/stmcute/stm32cubeide_1.7.0/stm32cubeide/plugins/com.st.stm32cube.ide.mcu.externaltools.gnu-tools-for-stm32.9-2020-q2-update.win32_2.0.0.202105311346/tools/bin/../lib/gcc/arm-none-eabi/9.3.1/thumb/v7-m/nofp/crti.o
 .data          0x0000000000000000        0x4 d:/stmcute/stm32cubeide_1.7.0/stm32cubeide/plugins/com.st.stm32cube.ide.mcu.externaltools.gnu-tools-for-stm32.9-2020-q2-update.win32_2.0.0.202105311346/tools/bin/../lib/gcc/arm-none-eabi/9.3.1/thumb/v7-m/nofp/crtbegin.o
 .text          0x0000000000000000       0x7c d:/stmcute/stm32cubeide_1.7.0/stm32cubeide/plugins/com.st.stm32cube.ide.mcu.externaltools.gnu-tools-for-stm32.9-2020-q2-update.win32_2.0.0.202105311346/tools/bin/../lib/gcc/arm-none-eabi/9.3.1/../../../../arm-none-eabi/lib/thumb/v7-m/nofp/crt0.o
 .data          0x0000000000000000        0x0 d:/stmcute/stm32cubeide_1.7.0/stm32cubeide/plugins/com.st.stm32cube.ide.mcu.externaltools.gnu-tools-for-stm32.9-2020-q2-update.win32_2.0.0.202105311346/tools/bin/../lib/gcc/arm-none-eabi/9.3.1/../../../../arm-none-eabi/lib/thumb/v7-m/nofp/crt0.o
 .bss           0x0000000000000000        0x0 d:/stmcute/stm32cubeide_1.7.0/stm32cubeide/plugins/com.st.stm32cube.ide.mcu.externaltools.gnu-tools-for-stm32.9-2020-q2-update.win32_2.0.0.202105311346/tools/bin/../lib/gcc/arm-none-eabi/9.3.1/../../../../arm-none-eabi/lib/thumb/v7-m/nofp/crt0.o
[...]
Memory Configuration

Name             Origin             Length             Attributes
RAM              0x0000000020000000 0x0000000000002800 xrw
FLASH            0x0000000008000000 0x0000000000008000 xr
*default*        0x0000000000000000 0xffffffffffffffff

Linker script and memory map

LOAD d:/stmcute/stm32cubeide_1.7.0/stm32cubeide/plugins/com.st.stm32cube.ide.mcu.externaltools.gnu-tools-for-stm32.9-2020-q2-update.win32_2.0.0.202105311346/tools/bin/../lib/gcc/arm-none-eabi/9.3.1/thumb/v7-m/nofp/crti.o
LOAD d:/stmcute/stm32cubeide_1.7.0/stm32cubeide/plugins/com.st.stm32cube.ide.mcu.externaltools.gnu-tools-for-stm32.9-2020-q2-update.win32_2.0.0.202105311346/tools/bin/../lib/gcc/arm-none-eabi/9.3.1/thumb/v7-m/nofp/crtbegin.o
LOAD d:/stmcute/stm32cubeide_1.7.0/stm32cubeide/plugins/com.st.stm32cube.ide.mcu.externaltools.gnu-tools-for-stm32.9-2020-q2-update.win32_2.0.0.202105311346/tools/bin/../lib/gcc/arm-none-eabi/9.3.1/../../../../arm-none-eabi/lib/thumb/v7-m/nofp/crt0.o
LOAD ./Core/Src/Display_LED.o
LOAD ./Core/Src/Finite_State_Machine.h.o
LOAD ./Core/Src/button.o
LOAD ./Core/Src/main.o
LOAD ./Core/Src/software_timer.o
LOAD ./Core/Src/stm32f1xx_hal_msp.o
LOAD ./Core/Src/stm32f1xx_it.o
LOAD ./Core/Src/syscalls.o
LOAD ./Core/Src/sysmem.o
LOAD ./Core/Src/system_stm32f1xx.o
LOAD ./Core/Startup/startup_stm32f103c6tx.o
LOAD ./Drivers/STM32F1xx_HAL_Driver/Src/stm32f1xx_hal.o
LOAD ./Drivers/STM32F1xx_HAL_Driver/Src/stm32f1xx_hal_cortex.o
LOAD ./Drivers/STM32F1xx_HAL_Driver/Src/stm32f1xx_hal_dma.o
LOAD ./Drivers/STM32F1xx_HAL_Driver/Src/stm32f1xx_hal_exti.o
LOAD ./Drivers/STM32F1xx_HAL_Driver/Src/stm32f1xx_hal_flash.o
LOAD ./Drivers/STM32F1xx_HAL_Driver/Src/stm32f1xx_hal_flash_ex.o
LOAD ./Drivers/STM32F1xx_HAL_Driver/Src/stm32f1xx_hal_gpio.o
LOAD ./Drivers/STM32F1xx_HAL_Driver/Src/stm32f1xx_hal_gpio_ex.o
LOAD ./Drivers/STM32F1xx_HAL_Driver/Src/stm32f1xx_hal_pwr.o
LOAD ./Drivers/STM32F1xx_HAL_Driver/Src/stm32f1xx_hal_rcc.o
LOAD ./Drivers/STM32F1xx_HAL_Driver/Src/stm32f1xx_hal_rcc_ex.o
LOAD ./Drivers/STM32F1xx_HAL_Driver/Src/stm32f1xx_hal_tim.o
LOAD ./Drivers/STM32F1xx_HAL_Driver/Src/stm32f1xx_hal_tim_ex.o
START GROUP
LOAD d:/stmcute/stm32cubeide_1.7.0/stm32cubeide/plugins/com.st.stm32cube.ide.mcu.externaltools.gnu-tools-for-stm32.9-2020-q2-update.win32_2.0.0.202105311346/tools/bin/../lib/gcc/arm-none-eabi/9.3.1/../../../../arm-none-eabi/lib/thumb/v7-m/nofp\libc_nano.a
LOAD d:/stmcute/stm32cubeide_1.7.0/stm32cubeide/plugins/com.st.stm32cube.ide.mcu.externaltools.gnu-tools-for-stm32.9-2020-q2-update.win32_2.0.0.202105311346/tools/bin/../lib/gcc/arm-none-eabi/9.3.1/../../../../arm-none-eabi/lib/thumb/v7-m/nofp\libm.a
END GROUP
START GROUP
LOAD d:/stmcute/stm32cubeide_1.7.0/stm32cubeide/plugins/com.st.stm32cube.ide.mcu.externaltools.gnu-tools-for-stm32.9-2020-q2-update.win32_2.0.0.202105311346/tools/bin/../lib/gcc/arm-none-eabi/9.3.1/thumb/v7-m/nofp\libgcc.a
LOAD d:/stmcute/stm32cubeide_1.7.0/stm32cubeide/plugins/com.st.stm32cube.ide.mcu.externaltools.gnu-tools-for-stm32.9-2020-q2-update.win32_2.0.0.202105311346/tools/bin/../lib/gcc/arm-none-eabi/9.3.1/../../../../arm-none-eabi/lib/thumb/v7-m/nofp\libc_nano.a
END GROUP
START GROUP
LOAD d:/stmcute/stm32cubeide_1.7.0/stm32cubeide/plugins/com.st.stm32cube.ide.mcu.externaltools.gnu-tools-for-stm32.9-2020-q2-update.win32_2.0.0.202105311346/tools/bin/../lib/gcc/arm-none-eabi/9.3.1/thumb/v7-m/nofp\libgcc.a
LOAD d:/stmcute/stm32cubeide_1.7.0/stm32cubeide/plugins/com.st.stm32cube.ide.mcu.externaltools.gnu-tools-for-stm32.9-2020-q2-update.win32_2.0.0.202105311346/tools/bin/../lib/gcc/arm-none-eabi/9.3.1/../../../../arm-none-eabi/lib/thumb/v7-m/nofp\libc_nano.a
LOAD d:/stmcute/stm32cubeide_1.7.0/stm32cubeide/plugins/com.st.stm32cube.ide.mcu.externaltools.gnu-tools-for-stm32.9-2020-q2-update.win32_2.0.0.202105311346/tools/bin/../lib/gcc/arm-none-eabi/9.3.1/../../../../arm-none-eabi/lib/thumb/v7-m/nofp\libnosys.a
END GROUP
START GROUP
LOAD d:/stmcute/stm32cubeide_1.7.0/stm32cubeide/plugins/com.st.stm32cube.ide.mcu.externaltools.gnu-tools-for-stm32.9-2020-q2-update.win32_2.0.0.202105311346/tools/bin/../lib/gcc/arm-none-eabi/9.3.1/thumb/v7-m/nofp\libgcc.a
LOAD d:/stmcute/stm32cubeide_1.7.0/stm32cubeide/plugins/com.st.stm32cube.ide.mcu.externaltools.gnu-tools-for-stm32.9-2020-q2-update.win32_2.0.0.202105311346/tools/bin/../lib/gcc/arm-none-eabi/9.3.1/../../../../arm-none-eabi/lib/thumb/v7-m/nofp\libc_nano.a
LOAD d:/stmcute/stm32cubeide_1.7.0/stm32cubeide/plugins/com.st.stm32cube.ide.mcu.externaltools.gnu-tools-for-stm32.9-2020-q2-update.win32_2.0.0.202105311346/tools/bin/../lib/gcc/arm-none-eabi/9.3.1/../../../../arm-none-eabi/lib/thumb/v7-m/nofp\libnosys.a
END GROUP
LOAD d:/stmcute/stm32cubeide_1.7.0/stm32cubeide/plugins/com.st.stm32cube.ide.mcu.externaltools.gnu-tools-for-stm32.9-2020-q2-update.win32_2.0.0.202105311346/tools/bin/../lib/gcc/arm-none-eabi/9.3.1/thumb/v7-m/nofp/crtend.o
LOAD d:/stmcute/stm32cubeide_1.7.0/stm32cubeide/plugins/com.st.stm32cube.ide.mcu.externaltools.gnu-tools-for-stm32.9-2020-q2-update.win32_2.0.0.202105311346/tools/bin/../lib/gcc/arm-none-eabi/9.3.1/thumb/v7-m/nofp/crtn.o
                0x0000000020002800                _estack = (ORIGIN (RAM) + LENGTH (RAM))
                0x0000000000000200                _Min_Heap_Size = 0x200
                0x0000000000000400                _Min_Stack_Size = 0x400

.isr_vector     0x0000000008000000      0x10c
                0x0000000008000000                . = ALIGN (0x4)
 *(.isr_vector)
 .isr_vector    0x0000000008000000      0x10c ./Core/Startup/startup_stm32f103c6tx.o
                0x0000000008000000                g_pfnVectors
                0x000000000800010c                . = ALIGN (0x4)

.text           0x000000000800010c     0x2b74
                0x000000000800010c                . = ALIGN (0x4)
 *(.text)
 .text          0x000000000800010c       0x40 d:/stmcute/stm32cubeide_1.7.0/stm32cubeide/plugins/com.st.stm32cube.ide.mcu.externaltools.gnu-tools-for-stm32.9-2020-q2-update.win32_2.0.0.202105311346/tools/bin/../lib/gcc/arm-none-eabi/9.3.1/thumb/v7-m/nofp/crtbegin.o
 *(.text*)
 .text.set_Time_RED
                0x000000000800014c       0x1c ./Core/Src/Display_LED.o
                0x000000000800014c                set_Time_RED
 .text.set_Time_YELLOW
                0x0000000008000168       0x1c ./Core/Src/Display_LED.o
                0x0000000008000168                set_Time_YELLOW
 .text.set_Time_GREEN
                0x0000000008000184       0x1c ./Core/Src/Display_LED.o
                0x0000000008000184                set_Time_GREEN
 .text.setTime_ALL_LED_TRAFFIC
                0x00000000080001a0       0x60 ./Core/Src/Display_LED.o
                0x00000000080001a0                setTime_ALL_LED_TRAFFIC
 .text.get_Time_RED
                0x0000000008000200       0x14 ./Core/Src/Display_LED.o
                0x0000000008000200                get_Time_RED
 .text.get_Time_YELLOW
                0x0000000008000214       0x14 ./Core/Src/Display_LED.o
                0x0000000008000214                get_Time_YELLOW
 .text.get_Time_GREEN
                0x0000000008000228       0x14 ./Core/Src/Display_LED.o
                0x0000000008000228                get_Time_GREEN
 .text.ToggleSignal_TOP_BOTTOM_LED
                0x000000000800023c       0x90 ./Core/Src/Display_LED.o
                0x000000000800023c                ToggleSignal_TOP_BOTTOM_LED
 .text.ToggleSignal_LEFT_RIGHT_LED
                0x00000000080002cc       0x90 ./Core/Src/Display_LED.o
                0x00000000080002cc                ToggleSignal_LEFT_RIGHT_LED
 .text.display7SEG
                0x000000000800035c      0x470 ./Core/Src/Display_LED.o
                0x000000000800035c                display7SEG
 .text.clearALLLED_Traffic
                0x00000000080007cc       0x74 ./Core/Src/Display_LED.o
                0x00000000080007cc                clearALLLED_Traffic
 .text.clearALLLED7SEG_Control
                0x0000000008000840       0x3c ./Core/Src/Display_LED.o
                0x0000000008000840                clearALLLED7SEG_Control
 .text.display_TRAFFICLIGHT_LEFT_RIGHT
                0x000000000800087c       0x7c ./Core/Src/Display_LED.o
                0x000000000800087c                display_TRAFFICLIGHT_LEFT_RIGHT
 .text.display_LED7SEG_CONTROLLER
                0x00000000080008f8      0x118 ./Core/Src/Display_LED.o
                0x00000000080008f8                display_LED7SEG_CONTROLLER
 .text.Blinking_LED
                0x0000000008000a10       0xe0 ./Core/Src/Display_LED.o
                0x0000000008000a10                Blinking_LED
 .text.display_TRAFFICLIGHT_TOP_BOTTOM
                0x0000000008000af0       0xf0 ./Core/Src/Display_LED.o
                0x0000000008000af0                display_TRAFFICLIGHT_TOP_BOTTOM
 .text.display_4LINE_TRAFFICLIGHT
                0x0000000008000be0      0x160 ./Core/Src/Display_LED.o
                0x0000000008000be0                display_4LINE_TRAFFICLIGHT
 .text.fsm_processing
                0x0000000008000d40      0x154 ./Core/Src/Finite_State_Machine.h.o
                0x0000000008000d40                fsm_processing
 .text.inscreases_time
                0x0000000008000e94       0x90 ./Core/Src/Finite_State_Machine.h.o
                0x0000000008000e94                inscreases_time
 .text.blinking_led_2Hz
                0x0000000008000f24       0x5c ./Core/Src/Finite_State_Machine.h.o
                0x0000000008000f24                blinking_led_2Hz
 .text.isButton1Pressed
                0x0000000008000f80       0x24 ./Core/Src/button.o
                0x0000000008000f80                isButton1Pressed
 .text.isButton2Pressed
                0x0000000008000fa4       0x24 ./Core/Src/button.o
                0x0000000008000fa4                isButton2Pressed
 .text.isButton3Pressed
                0x0000000008000fc8       0x24 ./Core/Src/button.o
                0x0000000008000fc8                isButton3Pressed
 .text.subKeyProcess1
                0x0000000008000fec       0x18 ./Core/Src/button.o
                0x0000000008000fec                subKeyProcess1
 .text.subKeyProcess2
                0x0000000008001004       0x18 ./Core/Src/button.o
                0x0000000008001004                subKeyProcess2
 .text.subKeyProcess3
                0x000000000800101c       0x18 ./Core/Src/button.o
                0x000000000800101c                subKeyProcess3
 .text.getKeyInput
                0x0000000008001034      0x260 ./Core/Src/button.o
                0x0000000008001034                getKeyInput
 .text.main     0x0000000008001294       0x20 ./Core/Src/main.o
                0x0000000008001294                main
 .text.SystemClock_Config
                0x00000000080012b4       0x76 ./Core/Src/main.o
                0x00000000080012b4                SystemClock_Config
 *fill*         0x000000000800132a        0x2 
 .text.MX_TIM2_Init
                0x000000000800132c       0x98 ./Core/Src/main.o
 .text.MX_GPIO_Init
                0x00000000080013c4       0xc4 ./Core/Src/main.o
 .text.HAL_TIM_PeriodElapsedCallback
                0x0000000008001488       0x18 ./Core/Src/main.o
                0x0000000008001488                HAL_TIM_PeriodElapsedCallback
 .text.Error_Handler
                0x00000000080014a0        0xa ./Core/Src/main.o
                0x00000000080014a0                Error_Handler
 *fill*         0x00000000080014aa        0x2 
 .text.HAL_MspInit
                0x00000000080014ac       0x64 ./Core/Src/stm32f1xx_hal_msp.o
                0x00000000080014ac                HAL_MspInit
 .text.HAL_TIM_Base_MspInit
                0x0000000008001510       0x48 ./Core/Src/stm32f1xx_hal_msp.o
                0x0000000008001510                HAL_TIM_Base_MspInit
 .text.NMI_Handler
                0x0000000008001558        0x6 ./Core/Src/stm32f1xx_it.o
                0x0000000008001558                NMI_Handler
 .text.HardFault_Handler
                0x000000000800155e        0x6 ./Core/Src/stm32f1xx_it.o
                0x000000000800155e                HardFault_Handler
 .text.MemManage_Handler
                0x0000000008001564        0x6 ./Core/Src/stm32f1xx_it.o
                0x0000000008001564                MemManage_Handler
 .text.BusFault_Handler
                0x000000000800156a        0x6 ./Core/Src/stm32f1xx_it.o
                0x000000000800156a                BusFault_Handler
 .text.UsageFault_Handler
                0x0000000008001570        0x6 ./Core/Src/stm32f1xx_it.o
                0x0000000008001570                UsageFault_Handler
 .text.SVC_Handler
                0x0000000008001576        0xc ./Core/Src/stm32f1xx_it.o
                0x0000000008001576                SVC_Handler
 .text.DebugMon_Handler
                0x0000000008001582        0xc ./Core/Src/stm32f1xx_it.o
                0x0000000008001582                DebugMon_Handler
 .text.PendSV_Handler
                0x000000000800158e        0xc ./Core/Src/stm32f1xx_it.o
                0x000000000800158e                PendSV_Handler
 .text.SysTick_Handler
                0x000000000800159a        0xc ./Core/Src/stm32f1xx_it.o
                0x000000000800159a                SysTick_Handler
 *fill*         0x00000000080015a6        0x2 
 .text.TIM2_IRQHandler
                0x00000000080015a8       0x14 ./Core/Src/stm32f1xx_it.o
                0x00000000080015a8                TIM2_IRQHandler
 .text.SystemInit
                0x00000000080015bc        0xc ./Core/Src/system_stm32f1xx.o
                0x00000000080015bc                SystemInit
 .text.Reset_Handler
                0x00000000080015c8       0x48 ./Core/Startup/startup_stm32f103c6tx.o
                0x00000000080015c8                Reset_Handler
 .text.Default_Handler
                0x0000000008001610        0x2 ./Core/Startup/startup_stm32f103c6tx.o
                0x0000000008001610                RTC_Alarm_IRQHandler
                0x0000000008001610                EXTI2_IRQHandler
                0x0000000008001610                TIM1_CC_IRQHandler
                0x0000000008001610                PVD_IRQHandler
                0x0000000008001610                EXTI3_IRQHandler
                0x0000000008001610                EXTI0_IRQHandler
                0x0000000008001610                ADC1_2_IRQHandler
                0x0000000008001610                SPI1_IRQHandler
                0x0000000008001610                TAMPER_IRQHandler
                0x0000000008001610                DMA1_Channel4_IRQHandler
                0x0000000008001610                RTC_IRQHandler
                0x0000000008001610                DMA1_Channel7_IRQHandler
                0x0000000008001610                CAN1_RX1_IRQHandler
                0x0000000008001610                I2C1_EV_IRQHandler
                0x0000000008001610                DMA1_Channel6_IRQHandler
                0x0000000008001610                TIM3_IRQHandler
                0x0000000008001610                RCC_IRQHandler
                0x0000000008001610                TIM1_TRG_COM_IRQHandler
                0x0000000008001610                DMA1_Channel1_IRQHandler
                0x0000000008001610                Default_Handler
                0x0000000008001610                EXTI15_10_IRQHandler
                0x0000000008001610                EXTI9_5_IRQHandler
                0x0000000008001610                DMA1_Channel5_IRQHandler
                0x0000000008001610                EXTI4_IRQHandler
                0x0000000008001610                USB_LP_CAN1_RX0_IRQHandler
                0x0000000008001610                USB_HP_CAN1_TX_IRQHandler
                0x0000000008001610                DMA1_Channel3_IRQHandler
                0x0000000008001610                TIM1_UP_IRQHandler
                0x0000000008001610                WWDG_IRQHandler
                0x0000000008001610                TIM1_BRK_IRQHandler
                0x0000000008001610                EXTI1_IRQHandler
                0x0000000008001610                USART2_IRQHandler
                0x0000000008001610                DMA1_Channel2_IRQHandler
                0x0000000008001610                CAN1_SCE_IRQHandler
                0x0000000008001610                FLASH_IRQHandler
                0x0000000008001610                USART1_IRQHandler
                0x0000000008001610                I2C1_ER_IRQHandler
                0x0000000008001610                USBWakeUp_IRQHandler
 *fill*         0x0000000008001612        0x2 
 .text.HAL_Init
                0x0000000008001614       0x2c ./Drivers/STM32F1xx_HAL_Driver/Src/stm32f1xx_hal.o
                0x0000000008001614                HAL_Init
 .text.HAL_InitTick
                0x0000000008001640       0x60 ./Drivers/STM32F1xx_HAL_Driver/Src/stm32f1xx_hal.o
                0x0000000008001640                HAL_InitTick
 .text.HAL_IncTick
                0x00000000080016a0       0x24 ./Drivers/STM32F1xx_HAL_Driver/Src/stm32f1xx_hal.o
                0x00000000080016a0                HAL_IncTick
 .text.HAL_GetTick
                0x00000000080016c4       0x14 ./Drivers/STM32F1xx_HAL_Driver/Src/stm32f1xx_hal.o
                0x00000000080016c4                HAL_GetTick
 .text.__NVIC_SetPriorityGrouping
                0x00000000080016d8       0x48 ./Drivers/STM32F1xx_HAL_Driver/Src/stm32f1xx_hal_cortex.o
 .text.__NVIC_GetPriorityGrouping
                0x0000000008001720       0x1c ./Drivers/STM32F1xx_HAL_Driver/Src/stm32f1xx_hal_cortex.o
 .text.__NVIC_EnableIRQ
                0x000000000800173c       0x38 ./Drivers/STM32F1xx_HAL_Driver/Src/stm32f1xx_hal_cortex.o
 .text.__NVIC_SetPriority
                0x0000000008001774       0x54 ./Drivers/STM32F1xx_HAL_Driver/Src/stm32f1xx_hal_cortex.o
 .text.NVIC_EncodePriority
                0x00000000080017c8       0x64 ./Drivers/STM32F1xx_HAL_Driver/Src/stm32f1xx_hal_cortex.o
 .text.SysTick_Config
                0x000000000800182c       0x44 ./Drivers/STM32F1xx_HAL_Driver/Src/stm32f1xx_hal_cortex.o
 .text.HAL_NVIC_SetPriorityGrouping
                0x0000000008001870       0x16 ./Drivers/STM32F1xx_HAL_Driver/Src/stm32f1xx_hal_cortex.o
                0x0000000008001870                HAL_NVIC_SetPriorityGrouping
 .text.HAL_NVIC_SetPriority
                0x0000000008001886       0x38 ./Drivers/STM32F1xx_HAL_Driver/Src/stm32f1xx_hal_cortex.o
                0x0000000008001886                HAL_NVIC_SetPriority
 .text.HAL_NVIC_EnableIRQ
                0x00000000080018be       0x1c ./Drivers/STM32F1xx_HAL_Driver/Src/stm32f1xx_hal_cortex.o
                0x00000000080018be                HAL_NVIC_EnableIRQ
 .text.HAL_SYSTICK_Config
                0x00000000080018da       0x18 ./Drivers/STM32F1xx_HAL_Driver/Src/stm32f1xx_hal_cortex.o
                0x00000000080018da                HAL_SYSTICK_Config
 *fill*         0x00000000080018f2        0x2 
 .text.HAL_GPIO_Init
                0x00000000080018f4      0x2f4 ./Drivers/STM32F1xx_HAL_Driver/Src/stm32f1xx_hal_gpio.o
                0x00000000080018f4                HAL_GPIO_Init
 .text.HAL_GPIO_ReadPin
                0x0000000008001be8       0x2e ./Drivers/STM32F1xx_HAL_Driver/Src/stm32f1xx_hal_gpio.o
                0x0000000008001be8                HAL_GPIO_ReadPin
 .text.HAL_GPIO_WritePin
                0x0000000008001c16       0x30 ./Drivers/STM32F1xx_HAL_Driver/Src/stm32f1xx_hal_gpio.o
                0x0000000008001c16                HAL_GPIO_WritePin
 .text.HAL_GPIO_TogglePin
                0x0000000008001c46       0x32 ./Drivers/STM32F1xx_HAL_Driver/Src/stm32f1xx_hal_gpio.o
                0x0000000008001c46                HAL_GPIO_TogglePin
 .text.HAL_RCC_OscConfig
                0x0000000008001c78      0x500 ./Drivers/STM32F1xx_HAL_Driver/Src/stm32f1xx_hal_rcc.o
                0x0000000008001c78                HAL_RCC_OscConfig
 .text.HAL_RCC_ClockConfig
                0x0000000008002178      0x1d4 ./Drivers/STM32F1xx_HAL_Driver/Src/stm32f1xx_hal_rcc.o
                0x0000000008002178                HAL_RCC_ClockConfig
 .text.HAL_RCC_GetSysClockFreq
                0x000000000800234c       0xc0 ./Drivers/STM32F1xx_HAL_Driver/Src/stm32f1xx_hal_rcc.o
                0x000000000800234c                HAL_RCC_GetSysClockFreq
 .text.RCC_Delay
                0x000000000800240c       0x3c ./Drivers/STM32F1xx_HAL_Driver/Src/stm32f1xx_hal_rcc.o
 .text.HAL_TIM_Base_Init
                0x0000000008002448       0x9e ./Drivers/STM32F1xx_HAL_Driver/Src/stm32f1xx_hal_tim.o
                0x0000000008002448                HAL_TIM_Base_Init
 *fill*         0x00000000080024e6        0x2 
 .text.HAL_TIM_Base_Start_IT
                0x00000000080024e8       0x98 ./Drivers/STM32F1xx_HAL_Driver/Src/stm32f1xx_hal_tim.o
                0x00000000080024e8                HAL_TIM_Base_Start_IT
 .text.HAL_TIM_IRQHandler
                0x0000000008002580      0x210 ./Drivers/STM32F1xx_HAL_Driver/Src/stm32f1xx_hal_tim.o
                0x0000000008002580                HAL_TIM_IRQHandler
 .text.HAL_TIM_ConfigClockSource
                0x0000000008002790      0x188 ./Drivers/STM32F1xx_HAL_Driver/Src/stm32f1xx_hal_tim.o
                0x0000000008002790                HAL_TIM_ConfigClockSource
 .text.HAL_TIM_OC_DelayElapsedCallback
                0x0000000008002918       0x12 ./Drivers/STM32F1xx_HAL_Driver/Src/stm32f1xx_hal_tim.o
                0x0000000008002918                HAL_TIM_OC_DelayElapsedCallback
 .text.HAL_TIM_IC_CaptureCallback
                0x000000000800292a       0x12 ./Drivers/STM32F1xx_HAL_Driver/Src/stm32f1xx_hal_tim.o
                0x000000000800292a                HAL_TIM_IC_CaptureCallback
 .text.HAL_TIM_PWM_PulseFinishedCallback
                0x000000000800293c       0x12 ./Drivers/STM32F1xx_HAL_Driver/Src/stm32f1xx_hal_tim.o
                0x000000000800293c                HAL_TIM_PWM_PulseFinishedCallback
 .text.HAL_TIM_TriggerCallback
                0x000000000800294e       0x12 ./Drivers/STM32F1xx_HAL_Driver/Src/stm32f1xx_hal_tim.o
                0x000000000800294e                HAL_TIM_TriggerCallback
 .text.TIM_Base_SetConfig
                0x0000000008002960       0xb0 ./Drivers/STM32F1xx_HAL_Driver/Src/stm32f1xx_hal_tim.o
                0x0000000008002960                TIM_Base_SetConfig
 .text.TIM_TI1_ConfigInputStage
                0x0000000008002a10       0x5c ./Drivers/STM32F1xx_HAL_Driver/Src/stm32f1xx_hal_tim.o
 .text.TIM_TI2_ConfigInputStage
                0x0000000008002a6c       0x5e ./Drivers/STM32F1xx_HAL_Driver/Src/stm32f1xx_hal_tim.o
 .text.TIM_ITRx_SetConfig
                0x0000000008002aca       0x34 ./Drivers/STM32F1xx_HAL_Driver/Src/stm32f1xx_hal_tim.o
 .text.TIM_ETR_SetConfig
                0x0000000008002afe       0x3e ./Drivers/STM32F1xx_HAL_Driver/Src/stm32f1xx_hal_tim.o
                0x0000000008002afe                TIM_ETR_SetConfig
 .text.HAL_TIMEx_MasterConfigSynchronization
                0x0000000008002b3c       0xb0 ./Drivers/STM32F1xx_HAL_Driver/Src/stm32f1xx_hal_tim_ex.o
                0x0000000008002b3c                HAL_TIMEx_MasterConfigSynchronization
 .text.HAL_TIMEx_CommutCallback
                0x0000000008002bec       0x12 ./Drivers/STM32F1xx_HAL_Driver/Src/stm32f1xx_hal_tim_ex.o
                0x0000000008002bec                HAL_TIMEx_CommutCallback
 .text.HAL_TIMEx_BreakCallback
                0x0000000008002bfe       0x12 ./Drivers/STM32F1xx_HAL_Driver/Src/stm32f1xx_hal_tim_ex.o
                0x0000000008002bfe                HAL_TIMEx_BreakCallback
 .text.__libc_init_array
                0x0000000008002c10       0x48 d:/stmcute/stm32cubeide_1.7.0/stm32cubeide/plugins/com.st.stm32cube.ide.mcu.externaltools.gnu-tools-for-stm32.9-2020-q2-update.win32_2.0.0.202105311346/tools/bin/../lib/gcc/arm-none-eabi/9.3.1/../../../../arm-none-eabi/lib/thumb/v7-m/nofp\libc_nano.a(lib_a-init.o)
                0x0000000008002c10                __libc_init_array
 .text.memset   0x0000000008002c58       0x10 d:/stmcute/stm32cubeide_1.7.0/stm32cubeide/plugins/com.st.stm32cube.ide.mcu.externaltools.gnu-tools-for-stm32.9-2020-q2-update.win32_2.0.0.202105311346/tools/bin/../lib/gcc/arm-none-eabi/9.3.1/../../../../arm-none-eabi/lib/thumb/v7-m/nofp\libc_nano.a(lib_a-memset.o)
                0x0000000008002c58                memset
 *(.glue_7)
 .glue_7        0x0000000008002c68        0x0 linker stubs
 *(.glue_7t)
 .glue_7t       0x0000000008002c68        0x0 linker stubs
 *(.eh_frame)
 .eh_frame      0x0000000008002c68        0x0 d:/stmcute/stm32cubeide_1.7.0/stm32cubeide/plugins/com.st.stm32cube.ide.mcu.externaltools.gnu-tools-for-stm32.9-2020-q2-update.win32_2.0.0.202105311346/tools/bin/../lib/gcc/arm-none-eabi/9.3.1/thumb/v7-m/nofp/crtbegin.o
 *(.init)
 .init          0x0000000008002c68        0x4 d:/stmcute/stm32cubeide_1.7.0/stm32cubeide/plugins/com.st.stm32cube.ide.mcu.externaltools.gnu-tools-for-stm32.9-2020-q2-update.win32_2.0.0.202105311346/tools/bin/../lib/gcc/arm-none-eabi/9.3.1/thumb/v7-m/nofp/crti.o
                0x0000000008002c68                _init
 .init          0x0000000008002c6c        0x8 d:/stmcute/stm32cubeide_1.7.0/stm32cubeide/plugins/com.st.stm32cube.ide.mcu.externaltools.gnu-tools-for-stm32.9-2020-q2-update.win32_2.0.0.202105311346/tools/bin/../lib/gcc/arm-none-eabi/9.3.1/thumb/v7-m/nofp/crtn.o
 *(.fini)
 .fini          0x0000000008002c74        0x4 d:/stmcute/stm32cubeide_1.7.0/stm32cubeide/plugins/com.st.stm32cube.ide.mcu.externaltools.gnu-tools-for-stm32.9-2020-q2-update.win32_2.0.0.202105311346/tools/bin/../lib/gcc/arm-none-eabi/9.3.1/thumb/v7-m/nofp/crti.o
                0x0000000008002c74                _fini
 .fini          0x0000000008002c78        0x8 d:/stmcute/stm32cubeide_1.7.0/stm32cubeide/plugins/com.st.stm32cube.ide.mcu.externaltools.gnu-tools-for-stm32.9-2020-q2-update.win32_2.0.0.202105311346/tools/bin/../lib/gcc/arm-none-eabi/9.3.1/thumb/v7-m/nofp/crtn.o
                0x0000000008002c80                . = ALIGN (0x4)
                0x0000000008002c80                _etext = .

.vfp11_veneer   0x0000000008002c80        0x0
 .vfp11_veneer  0x0000000008002c80        0x0 linker stubs

.v4_bx          0x0000000008002c80        0x0
 .v4_bx         0x0000000008002c80        0x0 linker stubs

.iplt           0x0000000008002c80        0x0
 .iplt          0x0000000008002c80        0x0 d:/stmcute/stm32cubeide_1.7.0/stm32cubeide/plugins/com.st.stm32cube.ide.mcu.externaltools.gnu-tools-for-stm32.9-2020-q2-update.win32_2.0.0.202105311346/tools/bin/../lib/gcc/arm-none-eabi/9.3.1/thumb/v7-m/nofp/crtbegin.o

.rodata         0x0000000008002c80       0x20
                0x0000000008002c80                . = ALIGN (0x4)
 *(.rodata)
 .rodata        0x0000000008002c80       0x10 ./Drivers/STM32F1xx_HAL_Driver/Src/stm32f1xx_hal_rcc.o
 *(.rodata*)
 .rodata.AHBPrescTable
                0x0000000008002c90       0x10 ./Core/Src/system_stm32f1xx.o
                0x0000000008002c90                AHBPrescTable
                0x0000000008002ca0                . = ALIGN (0x4)

.rel.dyn        0x0000000008002ca0        0x0
 .rel.iplt      0x0000000008002ca0        0x0 d:/stmcute/stm32cubeide_1.7.0/stm32cubeide/plugins/com.st.stm32cube.ide.mcu.externaltools.gnu-tools-for-stm32.9-2020-q2-update.win32_2.0.0.202105311346/tools/bin/../lib/gcc/arm-none-eabi/9.3.1/thumb/v7-m/nofp/crtbegin.o

.ARM.extab      0x0000000008002ca0        0x0
                0x0000000008002ca0                . = ALIGN (0x4)
 *(.ARM.extab* .gnu.linkonce.armextab.*)
                0x0000000008002ca0                . = ALIGN (0x4)

.ARM            0x0000000008002ca0        0x0
                0x0000000008002ca0                . = ALIGN (0x4)
                0x0000000008002ca0                __exidx_start = .
 *(.ARM.exidx*)
                0x0000000008002ca0                __exidx_end = .
                0x0000000008002ca0                . = ALIGN (0x4)

.preinit_array  0x0000000008002ca0        0x0
                0x0000000008002ca0                . = ALIGN (0x4)
                0x0000000008002ca0                PROVIDE (__preinit_array_start = .)
 *(.preinit_array*)
                0x0000000008002ca0                PROVIDE (__preinit_array_end = .)
                0x0000000008002ca0                . = ALIGN (0x4)

.init_array     0x0000000008002ca0        0x4
                0x0000000008002ca0                . = ALIGN (0x4)
                0x0000000008002ca0                PROVIDE (__init_array_start = .)
 *(SORT_BY_NAME(.init_array.*))
 *(.init_array*)
 .init_array    0x0000000008002ca0        0x4 d:/stmcute/stm32cubeide_1.7.0/stm32cubeide/plugins/com.st.stm32cube.ide.mcu.externaltools.gnu-tools-for-stm32.9-2020-q2-update.win32_2.0.0.202105311346/tools/bin/../lib/gcc/arm-none-eabi/9.3.1/thumb/v7-m/nofp/crtbegin.o
                0x0000000008002ca4                PROVIDE (__init_array_end = .)
                0x0000000008002ca4                . = ALIGN (0x4)

.fini_array     0x0000000008002ca4        0x4
                0x0000000008002ca4                . = ALIGN (0x4)
                [!provide]                        PROVIDE (__fini_array_start = .)
 *(SORT_BY_NAME(.fini_array.*))
 *(.fini_array*)
 .fini_array    0x0000000008002ca4        0x4 d:/stmcute/stm32cubeide_1.7.0/stm32cubeide/plugins/com.st.stm32cube.ide.mcu.externaltools.gnu-tools-for-stm32.9-2020-q2-update.win32_2.0.0.202105311346/tools/bin/../lib/gcc/arm-none-eabi/9.3.1/thumb/v7-m/nofp/crtbegin.o
                [!provide]                        PROVIDE (__fini_array_end = .)
                0x0000000008002ca8                . = ALIGN (0x4)
                0x0000000008002ca8                _sidata = LOADADDR (.data)

.data           0x0000000020000000       0x78 load address 0x0000000008002ca8
                0x0000000020000000                . = ALIGN (0x4)
                0x0000000020000000                _sdata = .
 *(.data)
 *(.data*)
 .data.time_RED
                0x0000000020000000        0x4 ./Core/Src/Display_LED.o
                0x0000000020000000                time_RED
 .data.time_GREEN
                0x0000000020000004        0x4 ./Core/Src/Display_LED.o
                0x0000000020000004                time_GREEN
 .data.time_YELLOW
                0x0000000020000008        0x4 ./Core/Src/Display_LED.o
                0x0000000020000008                time_YELLOW
 .data.time_RED_TOP_BOTTOM
                0x000000002000000c        0x4 ./Core/Src/Display_LED.o
                0x000000002000000c                time_RED_TOP_BOTTOM
 .data.time_YELLOW_TOP_BOTTOM
                0x0000000020000010        0x4 ./Core/Src/Display_LED.o
                0x0000000020000010                time_YELLOW_TOP_BOTTOM
 .data.time_GREEN_TOP_BOTTOM
                0x0000000020000014        0x4 ./Core/Src/Display_LED.o
                0x0000000020000014                time_GREEN_TOP_BOTTOM
 .data.time_RED_LEFT_RIGHT
                0x0000000020000018        0x4 ./Core/Src/Display_LED.o
                0x0000000020000018                time_RED_LEFT_RIGHT
 .data.time_GREEN_LEFT_RIGHT
                0x000000002000001c        0x4 ./Core/Src/Display_LED.o
                0x000000002000001c                time_GREEN_LEFT_RIGHT
 .data.time_YELLOW_LEFT_RIGHT
                0x0000000020000020        0x4 ./Core/Src/Display_LED.o
                0x0000000020000020                time_YELLOW_LEFT_RIGHT
 .data.time7SEG_TRAFFIC_LEFT_RIGHT
                0x0000000020000024        0x4 ./Core/Src/Display_LED.o
                0x0000000020000024                time7SEG_TRAFFIC_LEFT_RIGHT
 .data.time7SEG_TRAFFIC_TOP_BOTTOM
                0x0000000020000028        0x4 ./Core/Src/Display_LED.o
                0x0000000020000028                time7SEG_TRAFFIC_TOP_BOTTOM
 .data.time_period_run
                0x000000002000002c        0x4 ./Core/Src/Display_LED.o
                0x000000002000002c                time_period_run
 .data.timeRUN_LED7SEG_TRAFFICLIGHT
                0x0000000020000030        0x4 ./Core/Src/Display_LED.o
                0x0000000020000030                timeRUN_LED7SEG_TRAFFICLIGHT
 .data.timeRUN_LED7SEG_CONTROLLER
                0x0000000020000034        0x4 ./Core/Src/Display_LED.o
                0x0000000020000034                timeRUN_LED7SEG_CONTROLLER
 .data.timeBlinking
                0x0000000020000038        0x4 ./Core/Src/Finite_State_Machine.h.o
                0x0000000020000038                timeBlinking
 .data.KeyReg0  0x000000002000003c        0x4 ./Core/Src/button.o
                0x000000002000003c                KeyReg0
 .data.KeyReg1  0x0000000020000040        0x4 ./Core/Src/button.o
                0x0000000020000040                KeyReg1
 .data.KeyReg2  0x0000000020000044        0x4 ./Core/Src/button.o
                0x0000000020000044                KeyReg2
 .data.KeyReg3  0x0000000020000048        0x4 ./Core/Src/button.o
                0x0000000020000048                KeyReg3
 .data.KeyReg4  0x000000002000004c        0x4 ./Core/Src/button.o
                0x000000002000004c                KeyReg4
 .data.KeyReg5  0x0000000020000050        0x4 ./Core/Src/button.o
                0x0000000020000050                KeyReg5
 .data.KeyReg6  0x0000000020000054        0x4 ./Core/Src/button.o
                0x0000000020000054                KeyReg6
 .data.KeyReg7  0x0000000020000058        0x4 ./Core/Src/button.o
                0x0000000020000058                KeyReg7
 .data.KeyReg8  0x000000002000005c        0x4 ./Core/Src/button.o
                0x000000002000005c                KeyReg8
 .data.KeyReg9  0x0000000020000060        0x4 ./Core/Src/button.o
                0x0000000020000060                KeyReg9
 .data.KeyReg10
                0x0000000020000064        0x4 ./Core/Src/button.o
                0x0000000020000064                KeyReg10
 .data.KeyReg11
                0x0000000020000068        0x4 ./Core/Src/button.o
                0x0000000020000068                KeyReg11
 .data.SystemCoreClock
                0x000000002000006c        0x4 ./Core/Src/system_stm32f1xx.o
                0x000000002000006c                SystemCoreClock
 .data.uwTickPrio
                0x0000000020000070        0x4 ./Drivers/STM32F1xx_HAL_Driver/Src/stm32f1xx_hal.o
                0x0000000020000070                uwTickPrio
 .data.uwTickFreq
                0x0000000020000074        0x1 ./Drivers/STM32F1xx_HAL_Driver/Src/stm32f1xx_hal.o
                0x0000000020000074                uwTickFreq
 *(.RamFunc)
 *(.RamFunc*)
                0x0000000020000078                . = ALIGN (0x4)
 *fill*         0x0000000020000075        0x3 
                0x0000000020000078                _edata = .

.igot.plt       0x0000000020000078        0x0 load address 0x0000000008002d20
 .igot.plt      0x0000000020000078        0x0 d:/stmcute/stm32cubeide_1.7.0/stm32cubeide/plugins/com.st.stm32cube.ide.mcu.externaltools.gnu-tools-for-stm32.9-2020-q2-update.win32_2.0.0.202105311346/tools/bin/../lib/gcc/arm-none-eabi/9.3.1/thumb/v7-m/nofp/crtbegin.o
                0x0000000020000078                . = ALIGN (0x4)

.bss            0x0000000020000078       0x9c load address 0x0000000008002d20
                0x0000000020000078                _sbss = .
                0x0000000020000078                __bss_start__ = _sbss
 *(.bss)
 .bss           0x0000000020000078       0x1c d:/stmcute/stm32cubeide_1.7.0/stm32cubeide/plugins/com.st.stm32cube.ide.mcu.externaltools.gnu-tools-for-stm32.9-2020-q2-update.win32_2.0.0.202105311346/tools/bin/../lib/gcc/arm-none-eabi/9.3.1/thumb/v7-m/nofp/crtbegin.o
 *(.bss*)
 .bss.button_mode
                0x0000000020000094        0x1 ./Core/Src/Finite_State_Machine.h.o
                0x0000000020000094                button_mode
 *fill*         0x0000000020000095        0x3 
 .bss.time_RED_edit
                0x0000000020000098        0x4 ./Core/Src/Finite_State_Machine.h.o
                0x0000000020000098                time_RED_edit
 .bss.time_GREEN_edit
                0x000000002000009c        0x4 ./Core/Src/Finite_State_Machine.h.o
                0x000000002000009c                time_GREEN_edit
 .bss.time_YELLOW_edit
                0x00000000200000a0        0x4 ./Core/Src/Finite_State_Machine.h.o
                0x00000000200000a0                time_YELLOW_edit
 .bss.button1_flag
                0x00000000200000a4        0x4 ./Core/Src/button.o
                0x00000000200000a4                button1_flag
 .bss.button2_flag
                0x00000000200000a8        0x4 ./Core/Src/button.o
                0x00000000200000a8                button2_flag
 .bss.button3_flag
                0x00000000200000ac        0x4 ./Core/Src/button.o
                0x00000000200000ac                button3_flag
 .bss.TimerForKeyPress_1
                0x00000000200000b0        0x4 ./Core/Src/button.o
                0x00000000200000b0                TimerForKeyPress_1
 .bss.TimerForKeyPress_2
                0x00000000200000b4        0x4 ./Core/Src/button.o
                0x00000000200000b4                TimerForKeyPress_2
 .bss.TimerForKeyPress_3
                0x00000000200000b8        0x4 ./Core/Src/button.o
                0x00000000200000b8                TimerForKeyPress_3
 .bss.flag_change_state_button1
                0x00000000200000bc        0x4 ./Core/Src/button.o
                0x00000000200000bc                flag_change_state_button1
 .bss.flag_change_state_button2
                0x00000000200000c0        0x4 ./Core/Src/button.o
                0x00000000200000c0                flag_change_state_button2
 .bss.flag_change_state_button3
                0x00000000200000c4        0x4 ./Core/Src/button.o
                0x00000000200000c4                flag_change_state_button3
 *(COMMON)
 COMMON         0x00000000200000c8       0x48 ./Core/Src/main.o
                0x00000000200000c8                htim2
 COMMON         0x0000000020000110        0x4 ./Drivers/STM32F1xx_HAL_Driver/Src/stm32f1xx_hal.o
                0x0000000020000110                uwTick
                0x0000000020000114                . = ALIGN (0x4)
                0x0000000020000114                _ebss = .
                0x0000000020000114                __bss_end__ = _ebss

._user_heap_stack
                0x0000000020000114      0x604 load address 0x0000000008002d20
                0x0000000020000118                . = ALIGN (0x8)
 *fill*         0x0000000020000114        0x4 
                [!provide]                        PROVIDE (end = .)
                0x0000000020000118                PROVIDE (_end = .)
                0x0000000020000318                . = (. + _Min_Heap_Size)
 *fill*         0x0000000020000118      0x200 
                0x0000000020000718                . = (. + _Min_Stack_Size)
 *fill*         0x0000000020000318      0x400 
                0x0000000020000718                . = ALIGN (0x8)

/DISCARD/
 libc.a(*)
 libm.a(*)
 libgcc.a(*)

.ARM.attributes
                0x0000000000000000       0x29
 *(.ARM.attributes)
 .ARM.attributes
                0x0000000000000000       0x1d d:/stmcute/stm32cubeide_1.7.0/stm32cubeide/plugins/com.st.stm32cube.ide.mcu.externaltools.gnu-tools-for-stm32.9-2020-q2-update.win32_2.0.0.202105311346/tools/bin/../lib/gcc/arm-none-eabi/9.3.1/thumb/v7-m/nofp/crti.o
 .ARM.attributes
                0x000000000000001d       0x2d d:/stmcute/stm32cubeide_1.7.0/stm32cubeide/plugins/com.st.stm32cube.ide.mcu.externaltools.gnu-tools-for-stm32.9-2020-q2-update.win32_2.0.0.202105311346/tools/bin/../lib/gcc/arm-none-eabi/9.3.1/thumb/v7-m/nofp/crtbegin.o
 .ARM.attributes
                0x000000000000004a       0x2d ./Core/Src/Display_LED.o
 .ARM.attributes
                0x0000000000000077       0x2d ./Core/Src/Finite_State_Machine.h.o
 .ARM.attributes
                0x00000000000000a4       0x2d ./Core/Src/button.o
 .ARM.attributes
                0x00000000000000d1       0x2d ./Core/Src/main.o
 .ARM.attributes
                0x00000000000000fe       0x2d ./Core/Src/stm32f1xx_hal_msp.o
 .ARM.attributes
                0x000000000000012b       0x2d ./Core/Src/stm32f1xx_it.o
 .ARM.attributes
                0x0000000000000158       0x2d ./Core/Src/system_stm32f1xx.o
 .ARM.attributes
                0x0000000000000185       0x21 ./Core/Startup/startup_stm32f103c6tx.o
 .ARM.attributes
                0x00000000000001a6       0x2d ./Drivers/STM32F1xx_HAL_Driver/Src/stm32f1xx_hal.o
 .ARM.attributes
                0x00000000000001d3       0x2d ./Drivers/STM32F1xx_HAL_Driver/Src/stm32f1xx_hal_cortex.o
 .ARM.attributes
                0x0000000000000200       0x2d ./Drivers/STM32F1xx_HAL_Driver/Src/stm32f1xx_hal_gpio.o
 .ARM.attributes
                0x000000000000022d       0x2d ./Drivers/STM32F1xx_HAL_Driver/Src/stm32f1xx_hal_rcc.o
 .ARM.attributes
                0x000000000000025a       0x2d ./Drivers/STM32F1xx_HAL_Driver/Src/stm32f1xx_hal_tim.o
 .ARM.attributes
                0x0000000000000287       0x2d ./Drivers/STM32F1xx_HAL_Driver/Src/stm32f1xx_hal_tim_ex.o
 .ARM.attributes
                0x00000000000002b4       0x2d d:/stmcute/stm32cubeide_1.7.0/stm32cubeide/plugins/com.st.stm32cube.ide.mcu.externaltools.gnu-tools-for-stm32.9-2020-q2-update.win32_2.0.0.202105311346/tools/bin/../lib/gcc/arm-none-eabi/9.3.1/../../../../arm-none-eabi/lib/thumb/v7-m/nofp\libc_nano.a(lib_a-init.o)
 .ARM.attributes
                0x00000000000002e1       0x2d d:/stmcute/stm32cubeide_1.7.0/stm32cubeide/plugins/com.st.stm32cube.ide.mcu.externaltools.gnu-tools-for-stm32.9-2020-q2-update.win32_2.0.0.202105311346/tools/bin/../lib/gcc/arm-none-eabi/9.3.1/../../../../arm-none-eabi/lib/thumb/v7-m/nofp\libc_nano.a(lib_a-memset.o)
 .ARM.attributes
                0x000000000000030e       0x1d d:/stmcute/stm32cubeide_1.7.0/stm32cubeide/plugins/com.st.stm32cube.ide.mcu.externaltools.gnu-tools-for-stm32.9-2020-q2-update.win32_2.0.0.202105311346/tools/bin/../lib/gcc/arm-none-eabi/9.3.1/thumb/v7-m/nofp/crtn.o
OUTPUT(Task_10.elf elf32-littlearm)
LOAD linker stubs
LOAD d:/stmcute/stm32cubeide_1.7.0/stm32cubeide/plugins/com.st.stm32cube.ide.mcu.externaltools.gnu-tools-for-stm32.9-2020-q2-update.win32_2.0.0.202105311346/tools/bin/../lib/gcc/arm-none-eabi/9.3.1/../../../../arm-none-eabi/lib/thumb/v7-m/nofp\libc.a
LOAD d:/stmcute/stm32cubeide_1.7.0/stm32cubeide/plugins/com.st.stm32cube.ide.mcu.externaltools.gnu-tools-for-stm32.9-2020-q2-update.win32_2.0.0.202105311346/tools/bin/../lib/gcc/arm-none-eabi/9.3.1/../../../../arm-none-eabi/lib/thumb/v7-m/nofp\libm.a
LOAD d:/stmcute/stm32cubeide_1.7.0/stm32cubeide/plugins/com.st.stm32cube.ide.mcu.externaltools.gnu-tools-for-stm32.9-2020-q2-update.win32_2.0.0.202105311346/tools/bin/../lib/gcc/arm-none-eabi/9.3.1/thumb/v7-m/nofp\libgcc.a

.debug_info     0x0000000000000000     0x909d
 .debug_info    0x0000000000000000      0x5ce ./Core/Src/Display_LED.o
 .debug_info    0x00000000000005ce      0x35b ./Core/Src/Finite_State_Machine.h.o
 .debug_info    0x0000000000000929      0x49d ./Core/Src/button.o
 .debug_info    0x0000000000000dc6      0xc8c ./Core/Src/main.o
 .debug_info    0x0000000000001a52      0xa04 ./Core/Src/stm32f1xx_hal_msp.o
 .debug_info    0x0000000000002456      0x7b4 ./Core/Src/stm32f1xx_it.o
 .debug_info    0x0000000000002c0a      0x2be ./Core/Src/system_stm32f1xx.o
 .debug_info    0x0000000000002ec8       0x22 ./Core/Startup/startup_stm32f103c6tx.o
 .debug_info    0x0000000000002eea      0x74c ./Drivers/STM32F1xx_HAL_Driver/Src/stm32f1xx_hal.o
 .debug_info    0x0000000000003636      0xbbe ./Drivers/STM32F1xx_HAL_Driver/Src/stm32f1xx_hal_cortex.o
 .debug_info    0x00000000000041f4      0x701 ./Drivers/STM32F1xx_HAL_Driver/Src/stm32f1xx_hal_gpio.o
 .debug_info    0x00000000000048f5      0x88e ./Drivers/STM32F1xx_HAL_Driver/Src/stm32f1xx_hal_rcc.o
 .debug_info    0x0000000000005183     0x2a45 ./Drivers/STM32F1xx_HAL_Driver/Src/stm32f1xx_hal_tim.o
 .debug_info    0x0000000000007bc8     0x14d5 ./Drivers/STM32F1xx_HAL_Driver/Src/stm32f1xx_hal_tim_ex.o

.debug_abbrev   0x0000000000000000     0x1919
 .debug_abbrev  0x0000000000000000      0x201 ./Core/Src/Display_LED.o
 .debug_abbrev  0x0000000000000201       0xf6 ./Core/Src/Finite_State_Machine.h.o
 .debug_abbrev  0x00000000000002f7      0x14a ./Core/Src/button.o
 .debug_abbrev  0x0000000000000441      0x22c ./Core/Src/main.o
 .debug_abbrev  0x000000000000066d      0x1b7 ./Core/Src/stm32f1xx_hal_msp.o
 .debug_abbrev  0x0000000000000824      0x176 ./Core/Src/stm32f1xx_it.o
 .debug_abbrev  0x000000000000099a      0x14e ./Core/Src/system_stm32f1xx.o
 .debug_abbrev  0x0000000000000ae8       0x12 ./Core/Startup/startup_stm32f103c6tx.o
 .debug_abbrev  0x0000000000000afa      0x1ed ./Drivers/STM32F1xx_HAL_Driver/Src/stm32f1xx_hal.o
 .debug_abbrev  0x0000000000000ce7      0x313 ./Drivers/STM32F1xx_HAL_Driver/Src/stm32f1xx_hal_cortex.o
 .debug_abbrev  0x0000000000000ffa      0x1e8 ./Drivers/STM32F1xx_HAL_Driver/Src/stm32f1xx_hal_gpio.o
 .debug_abbrev  0x00000000000011e2      0x273 ./Drivers/STM32F1xx_HAL_Driver/Src/stm32f1xx_hal_rcc.o
 .debug_abbrev  0x0000000000001455      0x25e ./Drivers/STM32F1xx_HAL_Driver/Src/stm32f1xx_hal_tim.o
 .debug_abbrev  0x00000000000016b3      0x266 ./Drivers/STM32F1xx_HAL_Driver/Src/stm32f1xx_hal_tim_ex.o

.debug_aranges  0x0000000000000000      0xa58
 .debug_aranges
                0x0000000000000000       0xa0 ./Core/Src/Display_LED.o
 .debug_aranges
                0x00000000000000a0       0x38 ./Core/Src/Finite_State_Machine.h.o
 .debug_aranges
                0x00000000000000d8       0x50 ./Core/Src/button.o
 .debug_aranges
                0x0000000000000128       0x48 ./Core/Src/main.o
 .debug_aranges
                0x0000000000000170       0x30 ./Core/Src/stm32f1xx_hal_msp.o
 .debug_aranges
                0x00000000000001a0       0x68 ./Core/Src/stm32f1xx_it.o
 .debug_aranges
                0x0000000000000208       0x28 ./Core/Src/system_stm32f1xx.o
 .debug_aranges
                0x0000000000000230       0x28 ./Core/Startup/startup_stm32f103c6tx.o
 .debug_aranges
                0x0000000000000258       0xe0 ./Drivers/STM32F1xx_HAL_Driver/Src/stm32f1xx_hal.o
 .debug_aranges
                0x0000000000000338      0x100 ./Drivers/STM32F1xx_HAL_Driver/Src/stm32f1xx_hal_cortex.o
 .debug_aranges
                0x0000000000000438       0x58 ./Drivers/STM32F1xx_HAL_Driver/Src/stm32f1xx_hal_gpio.o
 .debug_aranges
                0x0000000000000490       0x90 ./Drivers/STM32F1xx_HAL_Driver/Src/stm32f1xx_hal_rcc.o
 .debug_aranges
                0x0000000000000520      0x3d0 ./Drivers/STM32F1xx_HAL_Driver/Src/stm32f1xx_hal_tim.o
 .debug_aranges
                0x00000000000008f0      0x168 ./Drivers/STM32F1xx_HAL_Driver/Src/stm32f1xx_hal_tim_ex.o

.debug_ranges   0x0000000000000000      0x980
 .debug_ranges  0x0000000000000000       0x90 ./Core/Src/Display_LED.o
 .debug_ranges  0x0000000000000090       0x28 ./Core/Src/Finite_State_Machine.h.o
 .debug_ranges  0x00000000000000b8       0x40 ./Core/Src/button.o
 .debug_ranges  0x00000000000000f8       0x38 ./Core/Src/main.o
 .debug_ranges  0x0000000000000130       0x20 ./Core/Src/stm32f1xx_hal_msp.o
 .debug_ranges  0x0000000000000150       0x58 ./Core/Src/stm32f1xx_it.o
 .debug_ranges  0x00000000000001a8       0x18 ./Core/Src/system_stm32f1xx.o
 .debug_ranges  0x00000000000001c0       0x20 ./Core/Startup/startup_stm32f103c6tx.o
 .debug_ranges  0x00000000000001e0       0xd0 ./Drivers/STM32F1xx_HAL_Driver/Src/stm32f1xx_hal.o
 .debug_ranges  0x00000000000002b0       0xf0 ./Drivers/STM32F1xx_HAL_Driver/Src/stm32f1xx_hal_cortex.o
 .debug_ranges  0x00000000000003a0       0x48 ./Drivers/STM32F1xx_HAL_Driver/Src/stm32f1xx_hal_gpio.o
 .debug_ranges  0x00000000000003e8       0x80 ./Drivers/STM32F1xx_HAL_Driver/Src/stm32f1xx_hal_rcc.o
 .debug_ranges  0x0000000000000468      0x3c0 ./Drivers/STM32F1xx_HAL_Driver/Src/stm32f1xx_hal_tim.o
 .debug_ranges  0x0000000000000828      0x158 ./Drivers/STM32F1xx_HAL_Driver/Src/stm32f1xx_hal_tim_ex.o

.debug_macro    0x0000000000000000    0x168c9
 .debug_macro   0x0000000000000000      0x1ea ./Core/Src/Display_LED.o
 .debug_macro   0x00000000000001ea      0xa9c ./Core/Src/Display_LED.o
 .debug_macro   0x0000000000000c86      0x215 ./Core/Src/Display_LED.o
 .debug_macro   0x0000000000000e9b       0x2e ./Core/Src/Display_LED.o
 .debug_macro   0x0000000000000ec9       0x22 ./Core/Src/Display_LED.o
 .debug_macro   0x0000000000000eeb       0x22 ./Core/Src/Display_LED.o
 .debug_macro   0x0000000000000f0d       0x8e ./Core/Src/Display_LED.o
 .debug_macro   0x0000000000000f9b       0x51 ./Core/Src/Display_LED.o
 .debug_macro   0x0000000000000fec      0x103 ./Core/Src/Display_LED.o
 .debug_macro   0x00000000000010ef       0x6a ./Core/Src/Display_LED.o
 .debug_macro   0x0000000000001159      0x1df ./Core/Src/Display_LED.o
 .debug_macro   0x0000000000001338       0x1c ./Core/Src/Display_LED.o
 .debug_macro   0x0000000000001354       0x22 ./Core/Src/Display_LED.o
 .debug_macro   0x0000000000001376       0xc3 ./Core/Src/Display_LED.o
 .debug_macro   0x0000000000001439      0xd23 ./Core/Src/Display_LED.o
 .debug_macro   0x000000000000215c     0xde75 ./Core/Src/Display_LED.o
 .debug_macro   0x000000000000ffd1       0x6d ./Core/Src/Display_LED.o
 .debug_macro   0x000000000001003e     0x3468 ./Core/Src/Display_LED.o
 .debug_macro   0x00000000000134a6      0x174 ./Core/Src/Display_LED.o
 .debug_macro   0x000000000001361a       0x5c ./Core/Src/Display_LED.o
 .debug_macro   0x0000000000013676      0x5be ./Core/Src/Display_LED.o
 .debug_macro   0x0000000000013c34      0x1b7 ./Core/Src/Display_LED.o
 .debug_macro   0x0000000000013deb      0x1cb ./Core/Src/Display_LED.o
 .debug_macro   0x0000000000013fb6      0x114 ./Core/Src/Display_LED.o
 .debug_macro   0x00000000000140ca      0x1b2 ./Core/Src/Display_LED.o
 .debug_macro   0x000000000001427c       0x27 ./Core/Src/Display_LED.o
 .debug_macro   0x00000000000142a3      0x12f ./Core/Src/Display_LED.o
 .debug_macro   0x00000000000143d2      0x1bc ./Core/Src/Display_LED.o
 .debug_macro   0x000000000001458e       0x34 ./Core/Src/Display_LED.o
 .debug_macro   0x00000000000145c2       0x3c ./Core/Src/Display_LED.o
 .debug_macro   0x00000000000145fe       0x57 ./Core/Src/Display_LED.o
 .debug_macro   0x0000000000014655       0x88 ./Core/Src/Display_LED.o
 .debug_macro   0x00000000000146dd      0x183 ./Core/Src/Display_LED.o
 .debug_macro   0x0000000000014860      0x141 ./Core/Src/Display_LED.o
 .debug_macro   0x00000000000149a1      0x8d1 ./Core/Src/Display_LED.o
 .debug_macro   0x0000000000015272       0x69 ./Core/Src/Display_LED.o
 .debug_macro   0x00000000000152db      0x130 ./Core/Src/Display_LED.o
 .debug_macro   0x000000000001540b       0x10 ./Core/Src/Display_LED.o
 .debug_macro   0x000000000001541b      0x1e4 ./Core/Src/Finite_State_Machine.h.o
 .debug_macro   0x00000000000155ff      0x1c0 ./Core/Src/button.o
 .debug_macro   0x00000000000157bf      0x1e8 ./Core/Src/main.o
 .debug_macro   0x00000000000159a7      0x1a7 ./Core/Src/stm32f1xx_hal_msp.o
 .debug_macro   0x0000000000015b4e      0x1b1 ./Core/Src/stm32f1xx_it.o
 .debug_macro   0x0000000000015cff      0x198 ./Core/Src/system_stm32f1xx.o
 .debug_macro   0x0000000000015e97      0x1bc ./Drivers/STM32F1xx_HAL_Driver/Src/stm32f1xx_hal.o
 .debug_macro   0x0000000000016053      0x198 ./Drivers/STM32F1xx_HAL_Driver/Src/stm32f1xx_hal_cortex.o
 .debug_macro   0x00000000000161eb      0x203 ./Drivers/STM32F1xx_HAL_Driver/Src/stm32f1xx_hal_gpio.o
 .debug_macro   0x00000000000163ee      0x1aa ./Drivers/STM32F1xx_HAL_Driver/Src/stm32f1xx_hal_rcc.o
 .debug_macro   0x0000000000016598      0x199 ./Drivers/STM32F1xx_HAL_Driver/Src/stm32f1xx_hal_tim.o
 .debug_macro   0x0000000000016731      0x198 ./Drivers/STM32F1xx_HAL_Driver/Src/stm32f1xx_hal_tim_ex.o

.debug_line     0x0000000000000000     0xadec
 .debug_line    0x0000000000000000      0xa6d ./Core/Src/Display_LED.o
 .debug_line    0x0000000000000a6d      0x818 ./Core/Src/Finite_State_Machine.h.o
 .debug_line    0x0000000000001285      0x865 ./Core/Src/button.o
 .debug_line    0x0000000000001aea      0x7d9 ./Core/Src/main.o
 .debug_line    0x00000000000022c3      0x6b5 ./Core/Src/stm32f1xx_hal_msp.o
 .debug_line    0x0000000000002978      0x753 ./Core/Src/stm32f1xx_it.o
 .debug_line    0x00000000000030cb      0x6f7 ./Core/Src/system_stm32f1xx.o
 .debug_line    0x00000000000037c2       0x87 ./Core/Startup/startup_stm32f103c6tx.o
 .debug_line    0x0000000000003849      0x924 ./Drivers/STM32F1xx_HAL_Driver/Src/stm32f1xx_hal.o
 .debug_line    0x000000000000416d      0xb0c ./Drivers/STM32F1xx_HAL_Driver/Src/stm32f1xx_hal_cortex.o
 .debug_line    0x0000000000004c79      0x9a5 ./Drivers/STM32F1xx_HAL_Driver/Src/stm32f1xx_hal_gpio.o
 .debug_line    0x000000000000561e      0xd32 ./Drivers/STM32F1xx_HAL_Driver/Src/stm32f1xx_hal_rcc.o
 .debug_line    0x0000000000006350     0x3282 ./Drivers/STM32F1xx_HAL_Driver/Src/stm32f1xx_hal_tim.o
 .debug_line    0x00000000000095d2     0x181a ./Drivers/STM32F1xx_HAL_Driver/Src/stm32f1xx_hal_tim_ex.o

.debug_str      0x0000000000000000    0x82534
 .debug_str     0x0000000000000000    0x7fa17 ./Core/Src/Display_LED.o
                                      0x7fd53 (size before relaxing)
 .debug_str     0x000000000007fa17      0x119 ./Core/Src/Finite_State_Machine.h.o
                                      0x7fbd0 (size before relaxing)
 .debug_str     0x000000000007fb30       0xe3 ./Core/Src/button.o
                                      0x7fb0e (size before relaxing)
 .debug_str     0x000000000007fc13      0x6df ./Core/Src/main.o
                                      0x8028d (size before relaxing)
 .debug_str     0x00000000000802f2      0x2ba ./Core/Src/stm32f1xx_hal_msp.o
                                      0x800da (size before relaxing)
 .debug_str     0x00000000000805ac       0xcd ./Core/Src/stm32f1xx_it.o
                                      0x7fe3c (size before relaxing)
 .debug_str     0x0000000000080679       0x52 ./Core/Src/system_stm32f1xx.o
                                      0x7f4e9 (size before relaxing)
 .debug_str     0x00000000000806cb       0x36 ./Core/Startup/startup_stm32f103c6tx.o
                                         0x54 (size before relaxing)
 .debug_str     0x0000000000080701      0x304 ./Drivers/STM32F1xx_HAL_Driver/Src/stm32f1xx_hal.o
                                      0x7fb40 (size before relaxing)
 .debug_str     0x0000000000080a05      0x300 ./Drivers/STM32F1xx_HAL_Driver/Src/stm32f1xx_hal_cortex.o
                                      0x7fb48 (size before relaxing)
 .debug_str     0x0000000000080d05      0x324 ./Drivers/STM32F1xx_HAL_Driver/Src/stm32f1xx_hal_gpio.o
                                      0x7f8ad (size before relaxing)
 .debug_str     0x0000000000081029      0x24f ./Drivers/STM32F1xx_HAL_Driver/Src/stm32f1xx_hal_rcc.o
                                      0x7f8e6 (size before relaxing)
 .debug_str     0x0000000000081278      0xdce ./Drivers/STM32F1xx_HAL_Driver/Src/stm32f1xx_hal_tim.o
                                      0x808b8 (size before relaxing)
 .debug_str     0x0000000000082046      0x4ee ./Drivers/STM32F1xx_HAL_Driver/Src/stm32f1xx_hal_tim_ex.o
                                      0x80069 (size before relaxing)

.comment        0x0000000000000000       0x53
 .comment       0x0000000000000000       0x53 ./Core/Src/Display_LED.o
                                         0x54 (size before relaxing)
 .comment       0x0000000000000053       0x54 ./Core/Src/Finite_State_Machine.h.o
 .comment       0x0000000000000053       0x54 ./Core/Src/button.o
 .comment       0x0000000000000053       0x54 ./Core/Src/main.o
 .comment       0x0000000000000053       0x54 ./Core/Src/stm32f1xx_hal_msp.o
 .comment       0x0000000000000053       0x54 ./Core/Src/stm32f1xx_it.o
 .comment       0x0000000000000053       0x54 ./Core/Src/system_stm32f1xx.o
 .comment       0x0000000000000053       0x54 ./Drivers/STM32F1xx_HAL_Driver/Src/stm32f1xx_hal.o
 .comment       0x0000000000000053       0x54 ./Drivers/STM32F1xx_HAL_Driver/Src/stm32f1xx_hal_cortex.o
 .comment       0x0000000000000053       0x54 ./Drivers/STM32F1xx_HAL_Driver/Src/stm32f1xx_hal_gpio.o
 .comment       0x0000000000000053       0x54 ./Drivers/STM32F1xx_HAL_Driver/Src/stm32f1xx_hal_rcc.o
 .comment       0x0000000000000053       0x54 ./Drivers/STM32F1xx_HAL_Driver/Src/stm32f1xx_hal_tim.o
 .comment       0x0000000000000053       0x54 ./Drivers/STM32F1xx_HAL_Driver/Src/stm32f1xx_hal_tim_ex.o

.debug_frame    0x0000000000000000     0x2988
 .debug_frame   0x0000000000000000      0x24c ./Core/Src/Display_LED.o
 .debug_frame   0x000000000000024c       0x84 ./Core/Src/Finite_State_Machine.h.o
 .debug_frame   0x00000000000002d0       0xec ./Core/Src/button.o
 .debug_frame   0x00000000000003bc       0xd4 ./Core/Src/main.o
 .debug_frame   0x0000000000000490       0x80 ./Core/Src/stm32f1xx_hal_msp.o
 .debug_frame   0x0000000000000510      0x120 ./Core/Src/stm32f1xx_it.o
 .debug_frame   0x0000000000000630       0x58 ./Core/Src/system_stm32f1xx.o
 .debug_frame   0x0000000000000688      0x334 ./Drivers/STM32F1xx_HAL_Driver/Src/stm32f1xx_hal.o
 .debug_frame   0x00000000000009bc      0x428 ./Drivers/STM32F1xx_HAL_Driver/Src/stm32f1xx_hal_cortex.o
 .debug_frame   0x0000000000000de4      0x14c ./Drivers/STM32F1xx_HAL_Driver/Src/stm32f1xx_hal_gpio.o
 .debug_frame   0x0000000000000f30      0x21c ./Drivers/STM32F1xx_HAL_Driver/Src/stm32f1xx_hal_rcc.o
 .debug_frame   0x000000000000114c     0x11b8 ./Drivers/STM32F1xx_HAL_Driver/Src/stm32f1xx_hal_tim.o
 .debug_frame   0x0000000000002304      0x638 ./Drivers/STM32F1xx_HAL_Driver/Src/stm32f1xx_hal_tim_ex.o
 .debug_frame   0x000000000000293c       0x2c d:/stmcute/stm32cubeide_1.7.0/stm32cubeide/plugins/com.st.stm32cube.ide.mcu.externaltools.gnu-tools-for-stm32.9-2020-q2-update.win32_2.0.0.202105311346/tools/bin/../lib/gcc/arm-none-eabi/9.3.1/../../../../arm-none-eabi/lib/thumb/v7-m/nofp\libc_nano.a(lib_a-init.o)
 .debug_frame   0x0000000000002968       0x20 d:/stmcute/stm32cubeide_1.7.0/stm32cubeide/plugins/com.st.stm32cube.ide.mcu.externaltools.gnu-tools-for-stm32.9-2020-q2-update.win32_2.0.0.202105311346/tools/bin/../lib/gcc/arm-none-eabi/9.3.1/../../../../arm-none-eabi/lib/thumb/v7-m/nofp\libc_nano.a(lib_a-memset.o)
